<?xml version="1.0" encoding="utf-8"?>
<TestRun id="e24439f5-4d9a-4161-99b6-dc72a78055a1" name="@Kaylys-MacBook-Pro-4 2025-04-28 14:24:05" xmlns="http://microsoft.com/schemas/VisualStudio/TeamTest/2010">
  <Times creation="2025-04-28T14:24:05.4535020-04:00" queuing="2025-04-28T14:24:05.4535020-04:00" start="2025-04-28T14:24:04.2080640-04:00" finish="2025-04-28T14:24:06.6591360-04:00" />
  <TestSettings name="default" id="302c8fe1-e443-4c40-b17d-3eaeb36fd05c">
    <Deployment runDeploymentRoot="_Kaylys-MacBook-Pro-4_2025-04-28_14_24_05" />
  </TestSettings>
  <Results>
    <UnitTestResult executionId="f13c34c7-46ba-4afb-9b98-29b15c8b535d" testId="a44df285-3b3f-3778-6d16-350dfba9bcdb" testName="Backend.Tests.Models.ErrorViewModelTests.ShowRequestId_ReturnsFalse_WhenRequestIdIsEmpty" computerName="Kaylys-MacBook-Pro-4" duration="00:00:00.0004375" startTime="2025-04-28T14:24:05.4054730-04:00" endTime="2025-04-28T14:24:05.4054730-04:00" testType="13cdc9d9-ddb5-4fa4-a97d-d965ccfc6d4b" outcome="Passed" testListId="8c84fa94-04c1-424b-9868-57a2d4851a1d" relativeResultsDirectory="f13c34c7-46ba-4afb-9b98-29b15c8b535d" />
    <UnitTestResult executionId="59c68cbe-ceac-4c0e-8055-a00bc9ef2ef1" testId="0d509c02-99b3-9fab-ca53-14fd954f0a73" testName="Backend.Tests.Controllers.HomeControllerTests.Privacy_ReturnsView" computerName="Kaylys-MacBook-Pro-4" duration="00:00:00.0011875" startTime="2025-04-28T14:24:05.5188360-04:00" endTime="2025-04-28T14:24:05.5188360-04:00" testType="13cdc9d9-ddb5-4fa4-a97d-d965ccfc6d4b" outcome="Passed" testListId="8c84fa94-04c1-424b-9868-57a2d4851a1d" relativeResultsDirectory="59c68cbe-ceac-4c0e-8055-a00bc9ef2ef1" />
    <UnitTestResult executionId="530832ee-bb58-4e71-bb2f-8187196b6a1b" testId="667b0527-a89f-5c90-e7ce-c5e0e455de1b" testName="Backend.Tests.Controllers.ProfileControllerTests.UploadProfilePicture_ReturnsOk_WhenSuccessful" computerName="Kaylys-MacBook-Pro-4" duration="00:00:00.0064407" startTime="2025-04-28T14:24:05.7074880-04:00" endTime="2025-04-28T14:24:05.7074880-04:00" testType="13cdc9d9-ddb5-4fa4-a97d-d965ccfc6d4b" outcome="Passed" testListId="8c84fa94-04c1-424b-9868-57a2d4851a1d" relativeResultsDirectory="530832ee-bb58-4e71-bb2f-8187196b6a1b" />
    <UnitTestResult executionId="2689b99d-afb1-415d-a195-be9e829f1432" testId="4eb92268-2288-a2f3-467b-894a1915700b" testName="Backend.Tests.Controllers.AccountControllerTests.Login_Post_ReturnsView_WhenModelInvalid" computerName="Kaylys-MacBook-Pro-4" duration="00:00:00.0028755" startTime="2025-04-28T14:24:05.6756770-04:00" endTime="2025-04-28T14:24:05.6756770-04:00" testType="13cdc9d9-ddb5-4fa4-a97d-d965ccfc6d4b" outcome="Passed" testListId="8c84fa94-04c1-424b-9868-57a2d4851a1d" relativeResultsDirectory="2689b99d-afb1-415d-a195-be9e829f1432" />
    <UnitTestResult executionId="42adc151-4c0e-41dd-9311-6155ec2de3ad" testId="ac1f2245-7ae2-79e6-f43b-b3fbe802505f" testName="Backend.Tests.Controllers.AccountControllerTests.Register_Post_Succeeds_AndRedirectsToChangePassword" computerName="Kaylys-MacBook-Pro-4" duration="00:00:00.0047653" startTime="2025-04-28T14:24:05.6900670-04:00" endTime="2025-04-28T14:24:05.6900670-04:00" testType="13cdc9d9-ddb5-4fa4-a97d-d965ccfc6d4b" outcome="Passed" testListId="8c84fa94-04c1-424b-9868-57a2d4851a1d" relativeResultsDirectory="42adc151-4c0e-41dd-9311-6155ec2de3ad" />
    <UnitTestResult executionId="649140d8-c4cd-409d-a791-bb061bfb07d6" testId="dab86dfe-ed46-a53e-8919-6bf3689c7588" testName="Backend.Tests.Models.ApplicationManagerTests.Can_Create_ApplicationManager_With_InheritedProperties" computerName="Kaylys-MacBook-Pro-4" duration="00:00:00.0005328" startTime="2025-04-28T14:24:05.4224070-04:00" endTime="2025-04-28T14:24:05.4224070-04:00" testType="13cdc9d9-ddb5-4fa4-a97d-d965ccfc6d4b" outcome="Passed" testListId="8c84fa94-04c1-424b-9868-57a2d4851a1d" relativeResultsDirectory="649140d8-c4cd-409d-a791-bb061bfb07d6" />
    <UnitTestResult executionId="5238bb23-1024-4164-b993-97a5bc27a6c2" testId="6818bbbf-d262-2874-8409-fca448f65542" testName="Backend.Tests.Controllers.AuthControllerTests.Register_ReturnsOk_WhenRegistrationSuccessful" computerName="Kaylys-MacBook-Pro-4" duration="00:00:00.0102694" startTime="2025-04-28T14:24:05.7685460-04:00" endTime="2025-04-28T14:24:05.7685460-04:00" testType="13cdc9d9-ddb5-4fa4-a97d-d965ccfc6d4b" outcome="Passed" testListId="8c84fa94-04c1-424b-9868-57a2d4851a1d" relativeResultsDirectory="5238bb23-1024-4164-b993-97a5bc27a6c2" />
    <UnitTestResult executionId="dcb37242-4f44-4ec3-8af2-991a81225f70" testId="12cf96ab-99a9-ef78-fbb5-dbbd08338699" testName="Backend.Tests.Controllers.ManagerControllerTests.CreateManager_CreatesRoleIfNotExist" computerName="Kaylys-MacBook-Pro-4" duration="00:00:00.0060374" startTime="2025-04-28T14:24:05.7486040-04:00" endTime="2025-04-28T14:24:05.7486040-04:00" testType="13cdc9d9-ddb5-4fa4-a97d-d965ccfc6d4b" outcome="Passed" testListId="8c84fa94-04c1-424b-9868-57a2d4851a1d" relativeResultsDirectory="dcb37242-4f44-4ec3-8af2-991a81225f70" />
    <UnitTestResult executionId="2ef58947-9125-475b-a7d5-02d4e3019aab" testId="d209c85c-51b7-a4bd-6b1e-1f4de0222067" testName="Backend.Tests.Models.CertificateTests.Can_Create_Certificate_With_All_Properties" computerName="Kaylys-MacBook-Pro-4" duration="00:00:00.0149006" startTime="2025-04-28T14:24:05.4220680-04:00" endTime="2025-04-28T14:24:05.4220680-04:00" testType="13cdc9d9-ddb5-4fa4-a97d-d965ccfc6d4b" outcome="Passed" testListId="8c84fa94-04c1-424b-9868-57a2d4851a1d" relativeResultsDirectory="2ef58947-9125-475b-a7d5-02d4e3019aab" />
    <UnitTestResult executionId="aa0ccf97-f436-40eb-960e-7e30456c1d0f" testId="d3684feb-1560-2060-a5b3-ff19aa2a6cee" testName="Backend.Tests.Controllers.CertificatesControllerTests.GetCertificates_ReturnsCertificates" computerName="Kaylys-MacBook-Pro-4" duration="00:00:00.0336071" startTime="2025-04-28T14:24:06.5070940-04:00" endTime="2025-04-28T14:24:06.5070940-04:00" testType="13cdc9d9-ddb5-4fa4-a97d-d965ccfc6d4b" outcome="Passed" testListId="8c84fa94-04c1-424b-9868-57a2d4851a1d" relativeResultsDirectory="aa0ccf97-f436-40eb-960e-7e30456c1d0f" />
    <UnitTestResult executionId="e91df079-fdfe-473b-9825-e4d35edd255a" testId="8502e2d7-f46b-76f0-9c9d-ec2a75f8aaa3" testName="Backend.Tests.Controllers.ProfileControllerTests.UploadProfilePicture_ReturnsUnauthorized_WhenUserNotFound" computerName="Kaylys-MacBook-Pro-4" duration="00:00:00.0828277" startTime="2025-04-28T14:24:05.6948070-04:00" endTime="2025-04-28T14:24:05.6948070-04:00" testType="13cdc9d9-ddb5-4fa4-a97d-d965ccfc6d4b" outcome="Passed" testListId="8c84fa94-04c1-424b-9868-57a2d4851a1d" relativeResultsDirectory="e91df079-fdfe-473b-9825-e4d35edd255a" />
    <UnitTestResult executionId="8af9ed0d-42a3-4198-b626-148f7b343c4c" testId="7137330f-e485-73a2-da55-a95980838fa2" testName="Backend.Tests.Controllers.CertificatesControllerTests.UpdateCertificate_UpdatesSuccessfully" computerName="Kaylys-MacBook-Pro-4" duration="00:00:00.0112912" startTime="2025-04-28T14:24:06.5185000-04:00" endTime="2025-04-28T14:24:06.5185000-04:00" testType="13cdc9d9-ddb5-4fa4-a97d-d965ccfc6d4b" outcome="Passed" testListId="8c84fa94-04c1-424b-9868-57a2d4851a1d" relativeResultsDirectory="8af9ed0d-42a3-4198-b626-148f7b343c4c" />
    <UnitTestResult executionId="898e31a3-4b1c-4d72-8d19-fc7676eb6d68" testId="d2912f97-2357-be31-8a09-9038e3537f51" testName="Backend.Tests.Models.ErrorViewModelTests.ShowRequestId_ReturnsFalse_WhenRequestIdIsNull" computerName="Kaylys-MacBook-Pro-4" duration="00:00:00.0001929" startTime="2025-04-28T14:24:05.4055480-04:00" endTime="2025-04-28T14:24:05.4055480-04:00" testType="13cdc9d9-ddb5-4fa4-a97d-d965ccfc6d4b" outcome="Passed" testListId="8c84fa94-04c1-424b-9868-57a2d4851a1d" relativeResultsDirectory="898e31a3-4b1c-4d72-8d19-fc7676eb6d68" />
    <UnitTestResult executionId="7ff80b9d-347e-4d30-8d43-3fa41554e764" testId="33ab8599-a79f-23be-cf92-2443914bf588" testName="Backend.Tests.Controllers.CertificateCatalogControllerTests.SearchCertificateCatalog_ReturnsBadRequest_WhenQueryMissing" computerName="Kaylys-MacBook-Pro-4" duration="00:00:00.0013427" startTime="2025-04-28T14:24:06.5381150-04:00" endTime="2025-04-28T14:24:06.5381150-04:00" testType="13cdc9d9-ddb5-4fa4-a97d-d965ccfc6d4b" outcome="Passed" testListId="8c84fa94-04c1-424b-9868-57a2d4851a1d" relativeResultsDirectory="7ff80b9d-347e-4d30-8d43-3fa41554e764" />
    <UnitTestResult executionId="15d17bd2-ed40-4dee-9803-8b53e1643b18" testId="b867a8d0-1cdd-e982-083e-19f5dabd5d2b" testName="Backend.Tests.Controllers.HomeControllerTests.Index_ReturnsView" computerName="Kaylys-MacBook-Pro-4" duration="00:00:00.0003463" startTime="2025-04-28T14:24:05.5192960-04:00" endTime="2025-04-28T14:24:05.5192960-04:00" testType="13cdc9d9-ddb5-4fa4-a97d-d965ccfc6d4b" outcome="Passed" testListId="8c84fa94-04c1-424b-9868-57a2d4851a1d" relativeResultsDirectory="15d17bd2-ed40-4dee-9803-8b53e1643b18" />
    <UnitTestResult executionId="071f6a5a-5c15-441d-a39c-e0838c8838bd" testId="b16acc2a-521c-d7f1-970b-584f90927e09" testName="Backend.Tests.Controllers.ProfileControllerTests.UploadProfilePicture_ReturnsBadRequest_WhenNoFileUploaded" computerName="Kaylys-MacBook-Pro-4" duration="00:00:00.0060597" startTime="2025-04-28T14:24:05.7009660-04:00" endTime="2025-04-28T14:24:05.7009660-04:00" testType="13cdc9d9-ddb5-4fa4-a97d-d965ccfc6d4b" outcome="Passed" testListId="8c84fa94-04c1-424b-9868-57a2d4851a1d" relativeResultsDirectory="071f6a5a-5c15-441d-a39c-e0838c8838bd" />
    <UnitTestResult executionId="52611caa-b6e9-47f0-bff8-c3ff5d1c6951" testId="ffa277df-cd57-c20d-f9ae-630f5d51a4fc" testName="Backend.Tests.Controllers.CertificateCatalogControllerTests.DeleteCatalogItem_ReturnsNotFound_WhenNotExist" computerName="Kaylys-MacBook-Pro-4" duration="00:00:00.0032700" startTime="2025-04-28T14:24:06.5367060-04:00" endTime="2025-04-28T14:24:06.5367060-04:00" testType="13cdc9d9-ddb5-4fa4-a97d-d965ccfc6d4b" outcome="Passed" testListId="8c84fa94-04c1-424b-9868-57a2d4851a1d" relativeResultsDirectory="52611caa-b6e9-47f0-bff8-c3ff5d1c6951" />
    <UnitTestResult executionId="219e91c2-1dd5-45e7-a749-756549a4822a" testId="629c4633-fb44-af37-d45d-397cadba9be8" testName="Backend.Tests.Controllers.CertificateCatalogControllerTests.GetCatalogItem_ReturnsCertificate_WhenFound" computerName="Kaylys-MacBook-Pro-4" duration="00:00:00.0016915" startTime="2025-04-28T14:24:06.5201870-04:00" endTime="2025-04-28T14:24:06.5201870-04:00" testType="13cdc9d9-ddb5-4fa4-a97d-d965ccfc6d4b" outcome="Passed" testListId="8c84fa94-04c1-424b-9868-57a2d4851a1d" relativeResultsDirectory="219e91c2-1dd5-45e7-a749-756549a4822a" />
    <UnitTestResult executionId="22b2c8fc-18d1-4fd2-8b53-b7f9b311f1ca" testId="687cf130-b71d-c68a-ac72-c1b7c971a57c" testName="Backend.Tests.Controllers.AccountControllerTests.Login_Get_ReturnsLoginView" computerName="Kaylys-MacBook-Pro-4" duration="00:00:00.0006323" startTime="2025-04-28T14:24:05.6829710-04:00" endTime="2025-04-28T14:24:05.6829710-04:00" testType="13cdc9d9-ddb5-4fa4-a97d-d965ccfc6d4b" outcome="Passed" testListId="8c84fa94-04c1-424b-9868-57a2d4851a1d" relativeResultsDirectory="22b2c8fc-18d1-4fd2-8b53-b7f9b311f1ca" />
    <UnitTestResult executionId="618239aa-ec1f-42d6-92b6-26b7eea8df2f" testId="6fe8975c-bee1-5a9e-7ab1-bff04ab154bb" testName="Backend.Tests.Controllers.AuthControllerTests.Login_ReturnsUnauthorized_WhenUserNotFound" computerName="Kaylys-MacBook-Pro-4" duration="00:00:00.0046477" startTime="2025-04-28T14:24:05.7733430-04:00" endTime="2025-04-28T14:24:05.7733430-04:00" testType="13cdc9d9-ddb5-4fa4-a97d-d965ccfc6d4b" outcome="Passed" testListId="8c84fa94-04c1-424b-9868-57a2d4851a1d" relativeResultsDirectory="618239aa-ec1f-42d6-92b6-26b7eea8df2f" />
    <UnitTestResult executionId="c5164dbd-09ad-44ca-b576-581a8ad173e4" testId="196f7cb4-f2e8-71c3-0f17-0cc2a830232d" testName="Backend.Tests.Controllers.AuthControllerTests.Logout_ReturnsOk" computerName="Kaylys-MacBook-Pro-4" duration="00:00:00.0654154" startTime="2025-04-28T14:24:05.7581580-04:00" endTime="2025-04-28T14:24:05.7581580-04:00" testType="13cdc9d9-ddb5-4fa4-a97d-d965ccfc6d4b" outcome="Passed" testListId="8c84fa94-04c1-424b-9868-57a2d4851a1d" relativeResultsDirectory="c5164dbd-09ad-44ca-b576-581a8ad173e4" />
    <UnitTestResult executionId="829c85b5-4aa9-4ae6-b89b-fe5409906247" testId="2e483694-e4f8-c789-c984-50bee090aba2" testName="Backend.Tests.Controllers.AccountControllerTests.Login_Post_RedirectsToChangePassword_WhenMustChangePasswordIsTrue" computerName="Kaylys-MacBook-Pro-4" duration="00:00:00.0064412" startTime="2025-04-28T14:24:05.6822580-04:00" endTime="2025-04-28T14:24:05.6822580-04:00" testType="13cdc9d9-ddb5-4fa4-a97d-d965ccfc6d4b" outcome="Passed" testListId="8c84fa94-04c1-424b-9868-57a2d4851a1d" relativeResultsDirectory="829c85b5-4aa9-4ae6-b89b-fe5409906247" />
    <UnitTestResult executionId="0156d8cb-a083-4578-aa82-a388658d0040" testId="1711a68c-62ea-123c-4537-67ea4c98707b" testName="Backend.Tests.UnitTest1.Test1" computerName="Kaylys-MacBook-Pro-4" duration="00:00:00.0044974" startTime="2025-04-28T14:24:05.3921570-04:00" endTime="2025-04-28T14:24:05.3922060-04:00" testType="13cdc9d9-ddb5-4fa4-a97d-d965ccfc6d4b" outcome="Passed" testListId="8c84fa94-04c1-424b-9868-57a2d4851a1d" relativeResultsDirectory="0156d8cb-a083-4578-aa82-a388658d0040" />
    <UnitTestResult executionId="bd61cd17-8e76-4d50-8dfb-9913ca48e20f" testId="e7bb42d4-8c14-e115-26ea-b87310f8f5ec" testName="Backend.Tests.Models.CertificateTests.Certificate_NavigationProperty_Can_Be_Assigned" computerName="Kaylys-MacBook-Pro-4" duration="00:00:00.0004488" startTime="2025-04-28T14:24:05.4225220-04:00" endTime="2025-04-28T14:24:05.4225220-04:00" testType="13cdc9d9-ddb5-4fa4-a97d-d965ccfc6d4b" outcome="Passed" testListId="8c84fa94-04c1-424b-9868-57a2d4851a1d" relativeResultsDirectory="bd61cd17-8e76-4d50-8dfb-9913ca48e20f" />
    <UnitTestResult executionId="78147195-d6b2-4b27-9b37-28aed5afb328" testId="23f934c3-ad66-47c7-1269-cbdc2715ce34" testName="Backend.Tests.Models.ErrorViewModelTests.ShowRequestId_ReturnsTrue_WhenRequestIdIsNotNullOrEmpty" computerName="Kaylys-MacBook-Pro-4" duration="00:00:00.0006895" startTime="2025-04-28T14:24:05.4051930-04:00" endTime="2025-04-28T14:24:05.4051930-04:00" testType="13cdc9d9-ddb5-4fa4-a97d-d965ccfc6d4b" outcome="Passed" testListId="8c84fa94-04c1-424b-9868-57a2d4851a1d" relativeResultsDirectory="78147195-d6b2-4b27-9b37-28aed5afb328" />
    <UnitTestResult executionId="f82e727c-b57e-4b29-ab26-6ab191837592" testId="81e3fe50-3868-18a1-758e-3cf12ac5f88d" testName="Backend.Tests.Controllers.AccountControllerTests.Logout_Post_RedirectsToLogin" computerName="Kaylys-MacBook-Pro-4" duration="00:00:00.3029996" startTime="2025-04-28T14:24:05.6726760-04:00" endTime="2025-04-28T14:24:05.6726770-04:00" testType="13cdc9d9-ddb5-4fa4-a97d-d965ccfc6d4b" outcome="Passed" testListId="8c84fa94-04c1-424b-9868-57a2d4851a1d" relativeResultsDirectory="f82e727c-b57e-4b29-ab26-6ab191837592" />
    <UnitTestResult executionId="88cbea82-f465-4d7c-8339-c7ec9018d588" testId="5a5dbbb9-eb6e-e7f0-c8db-a5751973dbd4" testName="Backend.Tests.Controllers.CertificatesControllerTests.DeleteCertificate_DeletesSuccessfully" computerName="Kaylys-MacBook-Pro-4" duration="00:00:00.0061437" startTime="2025-04-28T14:24:06.4734290-04:00" endTime="2025-04-28T14:24:06.4734290-04:00" testType="13cdc9d9-ddb5-4fa4-a97d-d965ccfc6d4b" outcome="Passed" testListId="8c84fa94-04c1-424b-9868-57a2d4851a1d" relativeResultsDirectory="88cbea82-f465-4d7c-8339-c7ec9018d588" />
    <UnitTestResult executionId="e631bc29-3535-417a-a189-8ad32102014f" testId="4474ccf1-18f9-e1e9-8d5f-c545010f575b" testName="Backend.Tests.Controllers.DashboardControllerTests.UploadEmployeeFeed_ReturnsOk_WhenUploadSucceeds" computerName="Kaylys-MacBook-Pro-4" duration="00:00:00.0053776" startTime="2025-04-28T14:24:06.5659120-04:00" endTime="2025-04-28T14:24:06.5659120-04:00" testType="13cdc9d9-ddb5-4fa4-a97d-d965ccfc6d4b" outcome="Passed" testListId="8c84fa94-04c1-424b-9868-57a2d4851a1d" relativeResultsDirectory="e631bc29-3535-417a-a189-8ad32102014f" />
    <UnitTestResult executionId="4ab9dfb3-1919-4df9-a988-cc6a555fe5f6" testId="982d9395-338d-5e8b-789e-92811dca4c2d" testName="Backend.Tests.Controllers.AuthControllerTests.Login_ReturnsUnauthorized_WhenPasswordInvalid" computerName="Kaylys-MacBook-Pro-4" duration="00:00:00.0049336" startTime="2025-04-28T14:24:05.7784330-04:00" endTime="2025-04-28T14:24:05.7784330-04:00" testType="13cdc9d9-ddb5-4fa4-a97d-d965ccfc6d4b" outcome="Passed" testListId="8c84fa94-04c1-424b-9868-57a2d4851a1d" relativeResultsDirectory="4ab9dfb3-1919-4df9-a988-cc6a555fe5f6" />
    <UnitTestResult executionId="548ecdda-48b1-4705-8828-8fe127e00973" testId="40660c63-914c-df1f-046e-db7698addd94" testName="Backend.Tests.Controllers.CertificateCatalogControllerTests.UpdateCatalogItem_ReturnsBadRequest_WhenIdMismatch" computerName="Kaylys-MacBook-Pro-4" duration="00:00:00.0014952" startTime="2025-04-28T14:24:06.5397410-04:00" endTime="2025-04-28T14:24:06.5397420-04:00" testType="13cdc9d9-ddb5-4fa4-a97d-d965ccfc6d4b" outcome="Passed" testListId="8c84fa94-04c1-424b-9868-57a2d4851a1d" relativeResultsDirectory="548ecdda-48b1-4705-8828-8fe127e00973" />
    <UnitTestResult executionId="94690dc0-8864-41b2-9322-a2b4a8b0fd9f" testId="f357b067-0421-af3a-1d77-eb572a57afcd" testName="Backend.Tests.Controllers.ProfileControllerTests.GetProfile_ReturnsNotFound_WhenUserDoesNotExist" computerName="Kaylys-MacBook-Pro-4" duration="00:00:00.0009731" startTime="2025-04-28T14:24:05.7085480-04:00" endTime="2025-04-28T14:24:05.7085480-04:00" testType="13cdc9d9-ddb5-4fa4-a97d-d965ccfc6d4b" outcome="Passed" testListId="8c84fa94-04c1-424b-9868-57a2d4851a1d" relativeResultsDirectory="94690dc0-8864-41b2-9322-a2b4a8b0fd9f" />
    <UnitTestResult executionId="f8183adc-ad51-458b-9c97-75c36743226e" testId="6d14a83b-b467-c129-3fdf-b7c876f6a16b" testName="Backend.Tests.Controllers.ManagerControllerTests.CreateManager_ReturnsOk_WhenEverythingSucceeds" computerName="Kaylys-MacBook-Pro-4" duration="00:00:00.3717601" startTime="2025-04-28T14:24:05.7412480-04:00" endTime="2025-04-28T14:24:05.7412480-04:00" testType="13cdc9d9-ddb5-4fa4-a97d-d965ccfc6d4b" outcome="Passed" testListId="8c84fa94-04c1-424b-9868-57a2d4851a1d" relativeResultsDirectory="f8183adc-ad51-458b-9c97-75c36743226e" />
    <UnitTestResult executionId="b8f6a604-7583-46a1-8e5e-c1e9a50042b3" testId="23784245-7e38-db3a-77d7-b630237a5104" testName="Backend.Tests.Controllers.DashboardControllerTests.GetDashboard_ReturnsDashboardData" computerName="Kaylys-MacBook-Pro-4" duration="00:00:01.1588177" startTime="2025-04-28T14:24:06.5284770-04:00" endTime="2025-04-28T14:24:06.5284770-04:00" testType="13cdc9d9-ddb5-4fa4-a97d-d965ccfc6d4b" outcome="Passed" testListId="8c84fa94-04c1-424b-9868-57a2d4851a1d" relativeResultsDirectory="b8f6a604-7583-46a1-8e5e-c1e9a50042b3" />
    <UnitTestResult executionId="8fbebacb-231d-4c65-a4a6-f87e3593d07c" testId="31bc990f-6461-80ff-83fc-08d3d3c47eea" testName="Backend.Tests.Controllers.ManagerControllerTests.CreateManager_ReturnsBadRequest_WhenUserCreationFails" computerName="Kaylys-MacBook-Pro-4" duration="00:00:00.0020519" startTime="2025-04-28T14:24:05.7507200-04:00" endTime="2025-04-28T14:24:05.7507200-04:00" testType="13cdc9d9-ddb5-4fa4-a97d-d965ccfc6d4b" outcome="Passed" testListId="8c84fa94-04c1-424b-9868-57a2d4851a1d" relativeResultsDirectory="8fbebacb-231d-4c65-a4a6-f87e3593d07c" />
    <UnitTestResult executionId="509e11d6-735f-4928-bbca-c67811413a3d" testId="db711422-a6b5-f318-5140-dd1fd187e7b0" testName="Backend.Tests.Controllers.CertificateCatalogControllerTests.UpdateCatalogItem_UpdatesCertificate_WhenIdMatches" computerName="Kaylys-MacBook-Pro-4" duration="00:00:00.0131161" startTime="2025-04-28T14:24:06.5184310-04:00" endTime="2025-04-28T14:24:06.5184310-04:00" testType="13cdc9d9-ddb5-4fa4-a97d-d965ccfc6d4b" outcome="Passed" testListId="8c84fa94-04c1-424b-9868-57a2d4851a1d" relativeResultsDirectory="509e11d6-735f-4928-bbca-c67811413a3d" />
    <UnitTestResult executionId="74ea3034-670f-4a86-a18c-163813f0db15" testId="df44083d-969d-74eb-4e95-59cc3263198f" testName="Backend.Tests.Controllers.HomeControllerTests.Error_ReturnsViewWithModel" computerName="Kaylys-MacBook-Pro-4" duration="00:00:00.1479538" startTime="2025-04-28T14:24:05.5175490-04:00" endTime="2025-04-28T14:24:05.5175490-04:00" testType="13cdc9d9-ddb5-4fa4-a97d-d965ccfc6d4b" outcome="Passed" testListId="8c84fa94-04c1-424b-9868-57a2d4851a1d" relativeResultsDirectory="74ea3034-670f-4a86-a18c-163813f0db15" />
    <UnitTestResult executionId="2cca3955-196e-4960-b288-082de5c428c8" testId="d9b47f94-75a2-f840-ee82-f51c369ff31c" testName="Backend.Tests.Controllers.CertificateCatalogControllerTests.DeleteCatalogItem_DeletesCertificate_WhenFound" computerName="Kaylys-MacBook-Pro-4" duration="00:00:01.0855516" startTime="2025-04-28T14:24:06.4733580-04:00" endTime="2025-04-28T14:24:06.4733590-04:00" testType="13cdc9d9-ddb5-4fa4-a97d-d965ccfc6d4b" outcome="Passed" testListId="8c84fa94-04c1-424b-9868-57a2d4851a1d" relativeResultsDirectory="2cca3955-196e-4960-b288-082de5c428c8" />
    <UnitTestResult executionId="b75a169a-ffee-4a0b-88f7-db0422e2d20d" testId="47b12b00-fa39-53ff-311f-defafc124142" testName="Backend.Tests.Models.CertificateCatalogTests.Can_Create_CertificateCatalog_With_AllProperties" computerName="Kaylys-MacBook-Pro-4" duration="00:00:00.0142122" startTime="2025-04-28T14:24:05.4053850-04:00" endTime="2025-04-28T14:24:05.4053850-04:00" testType="13cdc9d9-ddb5-4fa4-a97d-d965ccfc6d4b" outcome="Passed" testListId="8c84fa94-04c1-424b-9868-57a2d4851a1d" relativeResultsDirectory="b75a169a-ffee-4a0b-88f7-db0422e2d20d" />
    <UnitTestResult executionId="5138315e-dccb-47a0-bd8c-451dbb46207b" testId="c0cb55ec-356e-a90e-fd7a-b2784382e186" testName="Backend.Tests.Controllers.ProfileControllerTests.GetProfile_ReturnsOk_WhenUserExists" computerName="Kaylys-MacBook-Pro-4" duration="00:00:00.2222249" startTime="2025-04-28T14:24:05.6118370-04:00" endTime="2025-04-28T14:24:05.6118370-04:00" testType="13cdc9d9-ddb5-4fa4-a97d-d965ccfc6d4b" outcome="Passed" testListId="8c84fa94-04c1-424b-9868-57a2d4851a1d" relativeResultsDirectory="5138315e-dccb-47a0-bd8c-451dbb46207b" />
    <UnitTestResult executionId="72feeb99-0d51-45f7-b761-29d931adebeb" testId="bc8766bc-6f70-abd8-26e6-6174177a52a6" testName="Backend.Tests.Models.CertificateCatalogTests.CertificateCatalog_CertificateName_IsRequired" computerName="Kaylys-MacBook-Pro-4" duration="00:00:00.0220558" startTime="2025-04-28T14:24:05.4226230-04:00" endTime="2025-04-28T14:24:05.4226230-04:00" testType="13cdc9d9-ddb5-4fa4-a97d-d965ccfc6d4b" outcome="Passed" testListId="8c84fa94-04c1-424b-9868-57a2d4851a1d" relativeResultsDirectory="72feeb99-0d51-45f7-b761-29d931adebeb" />
    <UnitTestResult executionId="6abd55fe-db6c-4679-a5a3-7e0104f8f9bd" testId="05b4d5f8-d5a5-2659-d62d-3ff1ffcfc7a5" testName="Backend.Tests.Data.ApplicationDbContextTests.Can_Add_And_Retrieve_Certificate" computerName="Kaylys-MacBook-Pro-4" duration="00:00:00.0072797" startTime="2025-04-28T14:24:06.4667380-04:00" endTime="2025-04-28T14:24:06.4667380-04:00" testType="13cdc9d9-ddb5-4fa4-a97d-d965ccfc6d4b" outcome="Passed" testListId="8c84fa94-04c1-424b-9868-57a2d4851a1d" relativeResultsDirectory="6abd55fe-db6c-4679-a5a3-7e0104f8f9bd" />
    <UnitTestResult executionId="67070edf-4ed5-4331-a20e-6d27df7346e3" testId="b53c4b4c-1c16-3951-8a8f-2450ea31aa12" testName="Backend.Tests.Data.ApplicationDbContextTests.Can_Add_And_Retrieve_CertificateCatalog" computerName="Kaylys-MacBook-Pro-4" duration="00:00:01.0855214" startTime="2025-04-28T14:24:06.4594070-04:00" endTime="2025-04-28T14:24:06.4594070-04:00" testType="13cdc9d9-ddb5-4fa4-a97d-d965ccfc6d4b" outcome="Passed" testListId="8c84fa94-04c1-424b-9868-57a2d4851a1d" relativeResultsDirectory="67070edf-4ed5-4331-a20e-6d27df7346e3" />
    <UnitTestResult executionId="e4c5e4f3-4d95-4777-a08c-9f6696ae6307" testId="c6261818-f573-19a0-bd3d-e359b184adcc" testName="Backend.Tests.Controllers.DashboardControllerTests.GetDashboardCsv_ReturnsFile" computerName="Kaylys-MacBook-Pro-4" duration="00:00:00.0318782" startTime="2025-04-28T14:24:06.5604500-04:00" endTime="2025-04-28T14:24:06.5604510-04:00" testType="13cdc9d9-ddb5-4fa4-a97d-d965ccfc6d4b" outcome="Passed" testListId="8c84fa94-04c1-424b-9868-57a2d4851a1d" relativeResultsDirectory="e4c5e4f3-4d95-4777-a08c-9f6696ae6307" />
    <UnitTestResult executionId="a4bb1631-14bd-4eb1-ad6b-e8472199bc1f" testId="eea69781-749a-0ceb-e01e-3584204df68d" testName="Backend.Tests.Controllers.CertificateCatalogControllerTests.CreateCatalogItem_AddsNewCertificate" computerName="Kaylys-MacBook-Pro-4" duration="00:00:00.0031184" startTime="2025-04-28T14:24:06.5333100-04:00" endTime="2025-04-28T14:24:06.5333100-04:00" testType="13cdc9d9-ddb5-4fa4-a97d-d965ccfc6d4b" outcome="Passed" testListId="8c84fa94-04c1-424b-9868-57a2d4851a1d" relativeResultsDirectory="a4bb1631-14bd-4eb1-ad6b-e8472199bc1f" />
    <UnitTestResult executionId="910d9cc0-fa43-4d63-923f-617278a7dac6" testId="db6bd69f-cc20-cd97-ea4d-0ecd8029be1a" testName="Backend.Tests.Controllers.CertificatesControllerTests.GetCertificateById_ReturnsCertificate_WhenFound" computerName="Kaylys-MacBook-Pro-4" duration="00:00:00.1396436" startTime="2025-04-28T14:24:06.4671700-04:00" endTime="2025-04-28T14:24:06.4671700-04:00" testType="13cdc9d9-ddb5-4fa4-a97d-d965ccfc6d4b" outcome="Passed" testListId="8c84fa94-04c1-424b-9868-57a2d4851a1d" relativeResultsDirectory="910d9cc0-fa43-4d63-923f-617278a7dac6" />
    <UnitTestResult executionId="be0ff143-5329-4f87-b2e4-f3a13aa8b3f2" testId="166734a8-86de-cc1f-6324-12fd6e2092c3" testName="Backend.Tests.Controllers.AuthControllerTests.ChangePassword_ReturnsUnauthorized_WhenUserNotLoggedIn" computerName="Kaylys-MacBook-Pro-4" duration="00:00:00.3230082" startTime="2025-04-28T14:24:05.6926050-04:00" endTime="2025-04-28T14:24:05.6926050-04:00" testType="13cdc9d9-ddb5-4fa4-a97d-d965ccfc6d4b" outcome="Passed" testListId="8c84fa94-04c1-424b-9868-57a2d4851a1d" relativeResultsDirectory="be0ff143-5329-4f87-b2e4-f3a13aa8b3f2" />
    <UnitTestResult executionId="607c67c0-f929-46cc-928e-825f698aef22" testId="0e37df37-7435-aa32-0fa1-9fbe01e0d896" testName="Backend.Tests.Models.ApplicationUserTests.Can_Create_ApplicationUser_With_AllProperties" computerName="Kaylys-MacBook-Pro-4" duration="00:00:00.0124796" startTime="2025-04-28T14:24:05.4037750-04:00" endTime="2025-04-28T14:24:05.4037750-04:00" testType="13cdc9d9-ddb5-4fa4-a97d-d965ccfc6d4b" outcome="Passed" testListId="8c84fa94-04c1-424b-9868-57a2d4851a1d" relativeResultsDirectory="607c67c0-f929-46cc-928e-825f698aef22" />
    <UnitTestResult executionId="98f0446c-0fd2-49e3-88ce-de6ebda6781d" testId="d61479fe-f049-8b48-8e32-c8d9a89aef04" testName="Backend.Tests.Controllers.CertificateCatalogControllerTests.GetCatalogItems_ReturnsAllCertificates" computerName="Kaylys-MacBook-Pro-4" duration="00:00:00.0111670" startTime="2025-04-28T14:24:06.5510000-04:00" endTime="2025-04-28T14:24:06.5510000-04:00" testType="13cdc9d9-ddb5-4fa4-a97d-d965ccfc6d4b" outcome="Passed" testListId="8c84fa94-04c1-424b-9868-57a2d4851a1d" relativeResultsDirectory="98f0446c-0fd2-49e3-88ce-de6ebda6781d" />
    <UnitTestResult executionId="43263cdd-95ec-4d55-aafe-7ade8041bca4" testId="06ed93e2-ca9e-54d0-4e9f-b2c64edf14bb" testName="Backend.Tests.Controllers.CertificateCatalogControllerTests.GetCatalogItem_ReturnsNotFound_WhenNotExist" computerName="Kaylys-MacBook-Pro-4" duration="00:00:00.0097703" startTime="2025-04-28T14:24:06.5300630-04:00" endTime="2025-04-28T14:24:06.5300630-04:00" testType="13cdc9d9-ddb5-4fa4-a97d-d965ccfc6d4b" outcome="Passed" testListId="8c84fa94-04c1-424b-9868-57a2d4851a1d" relativeResultsDirectory="43263cdd-95ec-4d55-aafe-7ade8041bca4" />
    <UnitTestResult executionId="2a775677-64dc-49b6-a32a-4301e1cfa6c9" testId="bdb603a8-7a21-7357-8f52-fea9daf0ad41" testName="Backend.Tests.Controllers.CertificatesControllerTests.AddCertificate_CreatesNewCertificate" computerName="Kaylys-MacBook-Pro-4" duration="00:00:00.9577364" startTime="2025-04-28T14:24:06.3273730-04:00" endTime="2025-04-28T14:24:06.3273730-04:00" testType="13cdc9d9-ddb5-4fa4-a97d-d965ccfc6d4b" outcome="Passed" testListId="8c84fa94-04c1-424b-9868-57a2d4851a1d" relativeResultsDirectory="2a775677-64dc-49b6-a32a-4301e1cfa6c9" />
    <UnitTestResult executionId="2d83dbb9-3c25-4c55-9894-b539e143eabc" testId="efc3d3c7-fb24-e342-5a38-d22d15546c37" testName="Backend.Tests.Controllers.DashboardControllerTests.UploadCertificateFeed_ReturnsOk_WhenUploadSucceeds" computerName="Kaylys-MacBook-Pro-4" duration="00:00:00.0039187" startTime="2025-04-28T14:24:06.5699030-04:00" endTime="2025-04-28T14:24:06.5699030-04:00" testType="13cdc9d9-ddb5-4fa4-a97d-d965ccfc6d4b" outcome="Passed" testListId="8c84fa94-04c1-424b-9868-57a2d4851a1d" relativeResultsDirectory="2d83dbb9-3c25-4c55-9894-b539e143eabc" />
    <UnitTestResult executionId="c4f724f1-d352-4860-8340-04376a59cab8" testId="31393c42-73b3-dad2-90f8-f3ab452f1012" testName="Backend.Tests.Controllers.CertificateCatalogControllerTests.SearchCertificateCatalog_ReturnsMatchingItems" computerName="Kaylys-MacBook-Pro-4" duration="00:00:00.0317340" startTime="2025-04-28T14:24:06.5052150-04:00" endTime="2025-04-28T14:24:06.5052160-04:00" testType="13cdc9d9-ddb5-4fa4-a97d-d965ccfc6d4b" outcome="Passed" testListId="8c84fa94-04c1-424b-9868-57a2d4851a1d" relativeResultsDirectory="c4f724f1-d352-4860-8340-04376a59cab8" />
    <UnitTestResult executionId="8b98d5e6-d4fb-47dc-bcb1-56dc7a977c0d" testId="db141fd6-6842-f0c4-fc71-6982d3ea20b9" testName="Backend.Tests.Controllers.AccountControllerTests.ChangePassword_Post_ReturnsView_WhenPasswordsAreEmpty" computerName="Kaylys-MacBook-Pro-4" duration="00:00:00.0021593" startTime="2025-04-28T14:24:05.6852070-04:00" endTime="2025-04-28T14:24:05.6852070-04:00" testType="13cdc9d9-ddb5-4fa4-a97d-d965ccfc6d4b" outcome="Passed" testListId="8c84fa94-04c1-424b-9868-57a2d4851a1d" relativeResultsDirectory="8b98d5e6-d4fb-47dc-bcb1-56dc7a977c0d" />
    <UnitTestResult executionId="147b7ca4-dbe2-45fe-add6-06a84b71a2d6" testId="a8dfa9a7-853b-b11b-ce37-88262534717d" testName="Backend.Tests.Controllers.ManagerControllerTests.CreateManager_ReturnsBadRequest_WhenRequestIsInvalid" computerName="Kaylys-MacBook-Pro-4" duration="00:00:00.0010795" startTime="2025-04-28T14:24:05.7424360-04:00" endTime="2025-04-28T14:24:05.7424360-04:00" testType="13cdc9d9-ddb5-4fa4-a97d-d965ccfc6d4b" outcome="Passed" testListId="8c84fa94-04c1-424b-9868-57a2d4851a1d" relativeResultsDirectory="147b7ca4-dbe2-45fe-add6-06a84b71a2d6" />
  </Results>
  <TestDefinitions>
    <UnitTest name="Backend.Tests.Controllers.CertificatesControllerTests.UpdateCertificate_UpdatesSuccessfully" storage="/users/kaylytran/desktop/certatheon/backend.tests/bin/debug/net9.0/backend.tests.dll" id="7137330f-e485-73a2-da55-a95980838fa2">
      <Execution id="8af9ed0d-42a3-4198-b626-148f7b343c4c" />
      <TestMethod codeBase="/Users/kaylytran/Desktop/CertAtheon/Backend.Tests/bin/Debug/net9.0/Backend.Tests.dll" adapterTypeName="executor://xunit/VsTestRunner2/netcoreapp" className="Backend.Tests.Controllers.CertificatesControllerTests" name="UpdateCertificate_UpdatesSuccessfully" />
    </UnitTest>
    <UnitTest name="Backend.Tests.Controllers.CertificateCatalogControllerTests.GetCatalogItem_ReturnsNotFound_WhenNotExist" storage="/users/kaylytran/desktop/certatheon/backend.tests/bin/debug/net9.0/backend.tests.dll" id="06ed93e2-ca9e-54d0-4e9f-b2c64edf14bb">
      <Execution id="43263cdd-95ec-4d55-aafe-7ade8041bca4" />
      <TestMethod codeBase="/Users/kaylytran/Desktop/CertAtheon/Backend.Tests/bin/Debug/net9.0/Backend.Tests.dll" adapterTypeName="executor://xunit/VsTestRunner2/netcoreapp" className="Backend.Tests.Controllers.CertificateCatalogControllerTests" name="GetCatalogItem_ReturnsNotFound_WhenNotExist" />
    </UnitTest>
    <UnitTest name="Backend.Tests.Controllers.ProfileControllerTests.UploadProfilePicture_ReturnsBadRequest_WhenNoFileUploaded" storage="/users/kaylytran/desktop/certatheon/backend.tests/bin/debug/net9.0/backend.tests.dll" id="b16acc2a-521c-d7f1-970b-584f90927e09">
      <Execution id="071f6a5a-5c15-441d-a39c-e0838c8838bd" />
      <TestMethod codeBase="/Users/kaylytran/Desktop/CertAtheon/Backend.Tests/bin/Debug/net9.0/Backend.Tests.dll" adapterTypeName="executor://xunit/VsTestRunner2/netcoreapp" className="Backend.Tests.Controllers.ProfileControllerTests" name="UploadProfilePicture_ReturnsBadRequest_WhenNoFileUploaded" />
    </UnitTest>
    <UnitTest name="Backend.Tests.Controllers.HomeControllerTests.Error_ReturnsViewWithModel" storage="/users/kaylytran/desktop/certatheon/backend.tests/bin/debug/net9.0/backend.tests.dll" id="df44083d-969d-74eb-4e95-59cc3263198f">
      <Execution id="74ea3034-670f-4a86-a18c-163813f0db15" />
      <TestMethod codeBase="/Users/kaylytran/Desktop/CertAtheon/Backend.Tests/bin/Debug/net9.0/Backend.Tests.dll" adapterTypeName="executor://xunit/VsTestRunner2/netcoreapp" className="Backend.Tests.Controllers.HomeControllerTests" name="Error_ReturnsViewWithModel" />
    </UnitTest>
    <UnitTest name="Backend.Tests.Controllers.AccountControllerTests.Login_Post_ReturnsView_WhenModelInvalid" storage="/users/kaylytran/desktop/certatheon/backend.tests/bin/debug/net9.0/backend.tests.dll" id="4eb92268-2288-a2f3-467b-894a1915700b">
      <Execution id="2689b99d-afb1-415d-a195-be9e829f1432" />
      <TestMethod codeBase="/Users/kaylytran/Desktop/CertAtheon/Backend.Tests/bin/Debug/net9.0/Backend.Tests.dll" adapterTypeName="executor://xunit/VsTestRunner2/netcoreapp" className="Backend.Tests.Controllers.AccountControllerTests" name="Login_Post_ReturnsView_WhenModelInvalid" />
    </UnitTest>
    <UnitTest name="Backend.Tests.Controllers.CertificatesControllerTests.GetCertificates_ReturnsCertificates" storage="/users/kaylytran/desktop/certatheon/backend.tests/bin/debug/net9.0/backend.tests.dll" id="d3684feb-1560-2060-a5b3-ff19aa2a6cee">
      <Execution id="aa0ccf97-f436-40eb-960e-7e30456c1d0f" />
      <TestMethod codeBase="/Users/kaylytran/Desktop/CertAtheon/Backend.Tests/bin/Debug/net9.0/Backend.Tests.dll" adapterTypeName="executor://xunit/VsTestRunner2/netcoreapp" className="Backend.Tests.Controllers.CertificatesControllerTests" name="GetCertificates_ReturnsCertificates" />
    </UnitTest>
    <UnitTest name="Backend.Tests.Controllers.HomeControllerTests.Privacy_ReturnsView" storage="/users/kaylytran/desktop/certatheon/backend.tests/bin/debug/net9.0/backend.tests.dll" id="0d509c02-99b3-9fab-ca53-14fd954f0a73">
      <Execution id="59c68cbe-ceac-4c0e-8055-a00bc9ef2ef1" />
      <TestMethod codeBase="/Users/kaylytran/Desktop/CertAtheon/Backend.Tests/bin/Debug/net9.0/Backend.Tests.dll" adapterTypeName="executor://xunit/VsTestRunner2/netcoreapp" className="Backend.Tests.Controllers.HomeControllerTests" name="Privacy_ReturnsView" />
    </UnitTest>
    <UnitTest name="Backend.Tests.Models.CertificateTests.Can_Create_Certificate_With_All_Properties" storage="/users/kaylytran/desktop/certatheon/backend.tests/bin/debug/net9.0/backend.tests.dll" id="d209c85c-51b7-a4bd-6b1e-1f4de0222067">
      <Execution id="2ef58947-9125-475b-a7d5-02d4e3019aab" />
      <TestMethod codeBase="/Users/kaylytran/Desktop/CertAtheon/Backend.Tests/bin/Debug/net9.0/Backend.Tests.dll" adapterTypeName="executor://xunit/VsTestRunner2/netcoreapp" className="Backend.Tests.Models.CertificateTests" name="Can_Create_Certificate_With_All_Properties" />
    </UnitTest>
    <UnitTest name="Backend.Tests.Controllers.AccountControllerTests.Login_Post_RedirectsToChangePassword_WhenMustChangePasswordIsTrue" storage="/users/kaylytran/desktop/certatheon/backend.tests/bin/debug/net9.0/backend.tests.dll" id="2e483694-e4f8-c789-c984-50bee090aba2">
      <Execution id="829c85b5-4aa9-4ae6-b89b-fe5409906247" />
      <TestMethod codeBase="/Users/kaylytran/Desktop/CertAtheon/Backend.Tests/bin/Debug/net9.0/Backend.Tests.dll" adapterTypeName="executor://xunit/VsTestRunner2/netcoreapp" className="Backend.Tests.Controllers.AccountControllerTests" name="Login_Post_RedirectsToChangePassword_WhenMustChangePasswordIsTrue" />
    </UnitTest>
    <UnitTest name="Backend.Tests.Controllers.DashboardControllerTests.GetDashboardCsv_ReturnsFile" storage="/users/kaylytran/desktop/certatheon/backend.tests/bin/debug/net9.0/backend.tests.dll" id="c6261818-f573-19a0-bd3d-e359b184adcc">
      <Execution id="e4c5e4f3-4d95-4777-a08c-9f6696ae6307" />
      <TestMethod codeBase="/Users/kaylytran/Desktop/CertAtheon/Backend.Tests/bin/Debug/net9.0/Backend.Tests.dll" adapterTypeName="executor://xunit/VsTestRunner2/netcoreapp" className="Backend.Tests.Controllers.DashboardControllerTests" name="GetDashboardCsv_ReturnsFile" />
    </UnitTest>
    <UnitTest name="Backend.Tests.Controllers.DashboardControllerTests.UploadCertificateFeed_ReturnsOk_WhenUploadSucceeds" storage="/users/kaylytran/desktop/certatheon/backend.tests/bin/debug/net9.0/backend.tests.dll" id="efc3d3c7-fb24-e342-5a38-d22d15546c37">
      <Execution id="2d83dbb9-3c25-4c55-9894-b539e143eabc" />
      <TestMethod codeBase="/Users/kaylytran/Desktop/CertAtheon/Backend.Tests/bin/Debug/net9.0/Backend.Tests.dll" adapterTypeName="executor://xunit/VsTestRunner2/netcoreapp" className="Backend.Tests.Controllers.DashboardControllerTests" name="UploadCertificateFeed_ReturnsOk_WhenUploadSucceeds" />
    </UnitTest>
    <UnitTest name="Backend.Tests.Models.ErrorViewModelTests.ShowRequestId_ReturnsFalse_WhenRequestIdIsNull" storage="/users/kaylytran/desktop/certatheon/backend.tests/bin/debug/net9.0/backend.tests.dll" id="d2912f97-2357-be31-8a09-9038e3537f51">
      <Execution id="898e31a3-4b1c-4d72-8d19-fc7676eb6d68" />
      <TestMethod codeBase="/Users/kaylytran/Desktop/CertAtheon/Backend.Tests/bin/Debug/net9.0/Backend.Tests.dll" adapterTypeName="executor://xunit/VsTestRunner2/netcoreapp" className="Backend.Tests.Models.ErrorViewModelTests" name="ShowRequestId_ReturnsFalse_WhenRequestIdIsNull" />
    </UnitTest>
    <UnitTest name="Backend.Tests.Controllers.CertificateCatalogControllerTests.CreateCatalogItem_AddsNewCertificate" storage="/users/kaylytran/desktop/certatheon/backend.tests/bin/debug/net9.0/backend.tests.dll" id="eea69781-749a-0ceb-e01e-3584204df68d">
      <Execution id="a4bb1631-14bd-4eb1-ad6b-e8472199bc1f" />
      <TestMethod codeBase="/Users/kaylytran/Desktop/CertAtheon/Backend.Tests/bin/Debug/net9.0/Backend.Tests.dll" adapterTypeName="executor://xunit/VsTestRunner2/netcoreapp" className="Backend.Tests.Controllers.CertificateCatalogControllerTests" name="CreateCatalogItem_AddsNewCertificate" />
    </UnitTest>
    <UnitTest name="Backend.Tests.Controllers.CertificatesControllerTests.AddCertificate_CreatesNewCertificate" storage="/users/kaylytran/desktop/certatheon/backend.tests/bin/debug/net9.0/backend.tests.dll" id="bdb603a8-7a21-7357-8f52-fea9daf0ad41">
      <Execution id="2a775677-64dc-49b6-a32a-4301e1cfa6c9" />
      <TestMethod codeBase="/Users/kaylytran/Desktop/CertAtheon/Backend.Tests/bin/Debug/net9.0/Backend.Tests.dll" adapterTypeName="executor://xunit/VsTestRunner2/netcoreapp" className="Backend.Tests.Controllers.CertificatesControllerTests" name="AddCertificate_CreatesNewCertificate" />
    </UnitTest>
    <UnitTest name="Backend.Tests.Controllers.CertificateCatalogControllerTests.GetCatalogItems_ReturnsAllCertificates" storage="/users/kaylytran/desktop/certatheon/backend.tests/bin/debug/net9.0/backend.tests.dll" id="d61479fe-f049-8b48-8e32-c8d9a89aef04">
      <Execution id="98f0446c-0fd2-49e3-88ce-de6ebda6781d" />
      <TestMethod codeBase="/Users/kaylytran/Desktop/CertAtheon/Backend.Tests/bin/Debug/net9.0/Backend.Tests.dll" adapterTypeName="executor://xunit/VsTestRunner2/netcoreapp" className="Backend.Tests.Controllers.CertificateCatalogControllerTests" name="GetCatalogItems_ReturnsAllCertificates" />
    </UnitTest>
    <UnitTest name="Backend.Tests.Models.CertificateCatalogTests.CertificateCatalog_CertificateName_IsRequired" storage="/users/kaylytran/desktop/certatheon/backend.tests/bin/debug/net9.0/backend.tests.dll" id="bc8766bc-6f70-abd8-26e6-6174177a52a6">
      <Execution id="72feeb99-0d51-45f7-b761-29d931adebeb" />
      <TestMethod codeBase="/Users/kaylytran/Desktop/CertAtheon/Backend.Tests/bin/Debug/net9.0/Backend.Tests.dll" adapterTypeName="executor://xunit/VsTestRunner2/netcoreapp" className="Backend.Tests.Models.CertificateCatalogTests" name="CertificateCatalog_CertificateName_IsRequired" />
    </UnitTest>
    <UnitTest name="Backend.Tests.Models.ErrorViewModelTests.ShowRequestId_ReturnsFalse_WhenRequestIdIsEmpty" storage="/users/kaylytran/desktop/certatheon/backend.tests/bin/debug/net9.0/backend.tests.dll" id="a44df285-3b3f-3778-6d16-350dfba9bcdb">
      <Execution id="f13c34c7-46ba-4afb-9b98-29b15c8b535d" />
      <TestMethod codeBase="/Users/kaylytran/Desktop/CertAtheon/Backend.Tests/bin/Debug/net9.0/Backend.Tests.dll" adapterTypeName="executor://xunit/VsTestRunner2/netcoreapp" className="Backend.Tests.Models.ErrorViewModelTests" name="ShowRequestId_ReturnsFalse_WhenRequestIdIsEmpty" />
    </UnitTest>
    <UnitTest name="Backend.Tests.Controllers.ManagerControllerTests.CreateManager_ReturnsBadRequest_WhenUserCreationFails" storage="/users/kaylytran/desktop/certatheon/backend.tests/bin/debug/net9.0/backend.tests.dll" id="31bc990f-6461-80ff-83fc-08d3d3c47eea">
      <Execution id="8fbebacb-231d-4c65-a4a6-f87e3593d07c" />
      <TestMethod codeBase="/Users/kaylytran/Desktop/CertAtheon/Backend.Tests/bin/Debug/net9.0/Backend.Tests.dll" adapterTypeName="executor://xunit/VsTestRunner2/netcoreapp" className="Backend.Tests.Controllers.ManagerControllerTests" name="CreateManager_ReturnsBadRequest_WhenUserCreationFails" />
    </UnitTest>
    <UnitTest name="Backend.Tests.Controllers.AuthControllerTests.Login_ReturnsUnauthorized_WhenUserNotFound" storage="/users/kaylytran/desktop/certatheon/backend.tests/bin/debug/net9.0/backend.tests.dll" id="6fe8975c-bee1-5a9e-7ab1-bff04ab154bb">
      <Execution id="618239aa-ec1f-42d6-92b6-26b7eea8df2f" />
      <TestMethod codeBase="/Users/kaylytran/Desktop/CertAtheon/Backend.Tests/bin/Debug/net9.0/Backend.Tests.dll" adapterTypeName="executor://xunit/VsTestRunner2/netcoreapp" className="Backend.Tests.Controllers.AuthControllerTests" name="Login_ReturnsUnauthorized_WhenUserNotFound" />
    </UnitTest>
    <UnitTest name="Backend.Tests.UnitTest1.Test1" storage="/users/kaylytran/desktop/certatheon/backend.tests/bin/debug/net9.0/backend.tests.dll" id="1711a68c-62ea-123c-4537-67ea4c98707b">
      <Execution id="0156d8cb-a083-4578-aa82-a388658d0040" />
      <TestMethod codeBase="/Users/kaylytran/Desktop/CertAtheon/Backend.Tests/bin/Debug/net9.0/Backend.Tests.dll" adapterTypeName="executor://xunit/VsTestRunner2/netcoreapp" className="Backend.Tests.UnitTest1" name="Test1" />
    </UnitTest>
    <UnitTest name="Backend.Tests.Controllers.CertificateCatalogControllerTests.DeleteCatalogItem_ReturnsNotFound_WhenNotExist" storage="/users/kaylytran/desktop/certatheon/backend.tests/bin/debug/net9.0/backend.tests.dll" id="ffa277df-cd57-c20d-f9ae-630f5d51a4fc">
      <Execution id="52611caa-b6e9-47f0-bff8-c3ff5d1c6951" />
      <TestMethod codeBase="/Users/kaylytran/Desktop/CertAtheon/Backend.Tests/bin/Debug/net9.0/Backend.Tests.dll" adapterTypeName="executor://xunit/VsTestRunner2/netcoreapp" className="Backend.Tests.Controllers.CertificateCatalogControllerTests" name="DeleteCatalogItem_ReturnsNotFound_WhenNotExist" />
    </UnitTest>
    <UnitTest name="Backend.Tests.Models.ErrorViewModelTests.ShowRequestId_ReturnsTrue_WhenRequestIdIsNotNullOrEmpty" storage="/users/kaylytran/desktop/certatheon/backend.tests/bin/debug/net9.0/backend.tests.dll" id="23f934c3-ad66-47c7-1269-cbdc2715ce34">
      <Execution id="78147195-d6b2-4b27-9b37-28aed5afb328" />
      <TestMethod codeBase="/Users/kaylytran/Desktop/CertAtheon/Backend.Tests/bin/Debug/net9.0/Backend.Tests.dll" adapterTypeName="executor://xunit/VsTestRunner2/netcoreapp" className="Backend.Tests.Models.ErrorViewModelTests" name="ShowRequestId_ReturnsTrue_WhenRequestIdIsNotNullOrEmpty" />
    </UnitTest>
    <UnitTest name="Backend.Tests.Controllers.AuthControllerTests.Register_ReturnsOk_WhenRegistrationSuccessful" storage="/users/kaylytran/desktop/certatheon/backend.tests/bin/debug/net9.0/backend.tests.dll" id="6818bbbf-d262-2874-8409-fca448f65542">
      <Execution id="5238bb23-1024-4164-b993-97a5bc27a6c2" />
      <TestMethod codeBase="/Users/kaylytran/Desktop/CertAtheon/Backend.Tests/bin/Debug/net9.0/Backend.Tests.dll" adapterTypeName="executor://xunit/VsTestRunner2/netcoreapp" className="Backend.Tests.Controllers.AuthControllerTests" name="Register_ReturnsOk_WhenRegistrationSuccessful" />
    </UnitTest>
    <UnitTest name="Backend.Tests.Controllers.CertificateCatalogControllerTests.GetCatalogItem_ReturnsCertificate_WhenFound" storage="/users/kaylytran/desktop/certatheon/backend.tests/bin/debug/net9.0/backend.tests.dll" id="629c4633-fb44-af37-d45d-397cadba9be8">
      <Execution id="219e91c2-1dd5-45e7-a749-756549a4822a" />
      <TestMethod codeBase="/Users/kaylytran/Desktop/CertAtheon/Backend.Tests/bin/Debug/net9.0/Backend.Tests.dll" adapterTypeName="executor://xunit/VsTestRunner2/netcoreapp" className="Backend.Tests.Controllers.CertificateCatalogControllerTests" name="GetCatalogItem_ReturnsCertificate_WhenFound" />
    </UnitTest>
    <UnitTest name="Backend.Tests.Controllers.ProfileControllerTests.UploadProfilePicture_ReturnsUnauthorized_WhenUserNotFound" storage="/users/kaylytran/desktop/certatheon/backend.tests/bin/debug/net9.0/backend.tests.dll" id="8502e2d7-f46b-76f0-9c9d-ec2a75f8aaa3">
      <Execution id="e91df079-fdfe-473b-9825-e4d35edd255a" />
      <TestMethod codeBase="/Users/kaylytran/Desktop/CertAtheon/Backend.Tests/bin/Debug/net9.0/Backend.Tests.dll" adapterTypeName="executor://xunit/VsTestRunner2/netcoreapp" className="Backend.Tests.Controllers.ProfileControllerTests" name="UploadProfilePicture_ReturnsUnauthorized_WhenUserNotFound" />
    </UnitTest>
    <UnitTest name="Backend.Tests.Controllers.AccountControllerTests.Logout_Post_RedirectsToLogin" storage="/users/kaylytran/desktop/certatheon/backend.tests/bin/debug/net9.0/backend.tests.dll" id="81e3fe50-3868-18a1-758e-3cf12ac5f88d">
      <Execution id="f82e727c-b57e-4b29-ab26-6ab191837592" />
      <TestMethod codeBase="/Users/kaylytran/Desktop/CertAtheon/Backend.Tests/bin/Debug/net9.0/Backend.Tests.dll" adapterTypeName="executor://xunit/VsTestRunner2/netcoreapp" className="Backend.Tests.Controllers.AccountControllerTests" name="Logout_Post_RedirectsToLogin" />
    </UnitTest>
    <UnitTest name="Backend.Tests.Controllers.CertificatesControllerTests.GetCertificateById_ReturnsCertificate_WhenFound" storage="/users/kaylytran/desktop/certatheon/backend.tests/bin/debug/net9.0/backend.tests.dll" id="db6bd69f-cc20-cd97-ea4d-0ecd8029be1a">
      <Execution id="910d9cc0-fa43-4d63-923f-617278a7dac6" />
      <TestMethod codeBase="/Users/kaylytran/Desktop/CertAtheon/Backend.Tests/bin/Debug/net9.0/Backend.Tests.dll" adapterTypeName="executor://xunit/VsTestRunner2/netcoreapp" className="Backend.Tests.Controllers.CertificatesControllerTests" name="GetCertificateById_ReturnsCertificate_WhenFound" />
    </UnitTest>
    <UnitTest name="Backend.Tests.Controllers.CertificatesControllerTests.DeleteCertificate_DeletesSuccessfully" storage="/users/kaylytran/desktop/certatheon/backend.tests/bin/debug/net9.0/backend.tests.dll" id="5a5dbbb9-eb6e-e7f0-c8db-a5751973dbd4">
      <Execution id="88cbea82-f465-4d7c-8339-c7ec9018d588" />
      <TestMethod codeBase="/Users/kaylytran/Desktop/CertAtheon/Backend.Tests/bin/Debug/net9.0/Backend.Tests.dll" adapterTypeName="executor://xunit/VsTestRunner2/netcoreapp" className="Backend.Tests.Controllers.CertificatesControllerTests" name="DeleteCertificate_DeletesSuccessfully" />
    </UnitTest>
    <UnitTest name="Backend.Tests.Controllers.AuthControllerTests.Login_ReturnsUnauthorized_WhenPasswordInvalid" storage="/users/kaylytran/desktop/certatheon/backend.tests/bin/debug/net9.0/backend.tests.dll" id="982d9395-338d-5e8b-789e-92811dca4c2d">
      <Execution id="4ab9dfb3-1919-4df9-a988-cc6a555fe5f6" />
      <TestMethod codeBase="/Users/kaylytran/Desktop/CertAtheon/Backend.Tests/bin/Debug/net9.0/Backend.Tests.dll" adapterTypeName="executor://xunit/VsTestRunner2/netcoreapp" className="Backend.Tests.Controllers.AuthControllerTests" name="Login_ReturnsUnauthorized_WhenPasswordInvalid" />
    </UnitTest>
    <UnitTest name="Backend.Tests.Controllers.AuthControllerTests.Logout_ReturnsOk" storage="/users/kaylytran/desktop/certatheon/backend.tests/bin/debug/net9.0/backend.tests.dll" id="196f7cb4-f2e8-71c3-0f17-0cc2a830232d">
      <Execution id="c5164dbd-09ad-44ca-b576-581a8ad173e4" />
      <TestMethod codeBase="/Users/kaylytran/Desktop/CertAtheon/Backend.Tests/bin/Debug/net9.0/Backend.Tests.dll" adapterTypeName="executor://xunit/VsTestRunner2/netcoreapp" className="Backend.Tests.Controllers.AuthControllerTests" name="Logout_ReturnsOk" />
    </UnitTest>
    <UnitTest name="Backend.Tests.Controllers.AccountControllerTests.Register_Post_Succeeds_AndRedirectsToChangePassword" storage="/users/kaylytran/desktop/certatheon/backend.tests/bin/debug/net9.0/backend.tests.dll" id="ac1f2245-7ae2-79e6-f43b-b3fbe802505f">
      <Execution id="42adc151-4c0e-41dd-9311-6155ec2de3ad" />
      <TestMethod codeBase="/Users/kaylytran/Desktop/CertAtheon/Backend.Tests/bin/Debug/net9.0/Backend.Tests.dll" adapterTypeName="executor://xunit/VsTestRunner2/netcoreapp" className="Backend.Tests.Controllers.AccountControllerTests" name="Register_Post_Succeeds_AndRedirectsToChangePassword" />
    </UnitTest>
    <UnitTest name="Backend.Tests.Controllers.CertificateCatalogControllerTests.SearchCertificateCatalog_ReturnsBadRequest_WhenQueryMissing" storage="/users/kaylytran/desktop/certatheon/backend.tests/bin/debug/net9.0/backend.tests.dll" id="33ab8599-a79f-23be-cf92-2443914bf588">
      <Execution id="7ff80b9d-347e-4d30-8d43-3fa41554e764" />
      <TestMethod codeBase="/Users/kaylytran/Desktop/CertAtheon/Backend.Tests/bin/Debug/net9.0/Backend.Tests.dll" adapterTypeName="executor://xunit/VsTestRunner2/netcoreapp" className="Backend.Tests.Controllers.CertificateCatalogControllerTests" name="SearchCertificateCatalog_ReturnsBadRequest_WhenQueryMissing" />
    </UnitTest>
    <UnitTest name="Backend.Tests.Controllers.AccountControllerTests.ChangePassword_Post_ReturnsView_WhenPasswordsAreEmpty" storage="/users/kaylytran/desktop/certatheon/backend.tests/bin/debug/net9.0/backend.tests.dll" id="db141fd6-6842-f0c4-fc71-6982d3ea20b9">
      <Execution id="8b98d5e6-d4fb-47dc-bcb1-56dc7a977c0d" />
      <TestMethod codeBase="/Users/kaylytran/Desktop/CertAtheon/Backend.Tests/bin/Debug/net9.0/Backend.Tests.dll" adapterTypeName="executor://xunit/VsTestRunner2/netcoreapp" className="Backend.Tests.Controllers.AccountControllerTests" name="ChangePassword_Post_ReturnsView_WhenPasswordsAreEmpty" />
    </UnitTest>
    <UnitTest name="Backend.Tests.Controllers.AccountControllerTests.Login_Get_ReturnsLoginView" storage="/users/kaylytran/desktop/certatheon/backend.tests/bin/debug/net9.0/backend.tests.dll" id="687cf130-b71d-c68a-ac72-c1b7c971a57c">
      <Execution id="22b2c8fc-18d1-4fd2-8b53-b7f9b311f1ca" />
      <TestMethod codeBase="/Users/kaylytran/Desktop/CertAtheon/Backend.Tests/bin/Debug/net9.0/Backend.Tests.dll" adapterTypeName="executor://xunit/VsTestRunner2/netcoreapp" className="Backend.Tests.Controllers.AccountControllerTests" name="Login_Get_ReturnsLoginView" />
    </UnitTest>
    <UnitTest name="Backend.Tests.Controllers.HomeControllerTests.Index_ReturnsView" storage="/users/kaylytran/desktop/certatheon/backend.tests/bin/debug/net9.0/backend.tests.dll" id="b867a8d0-1cdd-e982-083e-19f5dabd5d2b">
      <Execution id="15d17bd2-ed40-4dee-9803-8b53e1643b18" />
      <TestMethod codeBase="/Users/kaylytran/Desktop/CertAtheon/Backend.Tests/bin/Debug/net9.0/Backend.Tests.dll" adapterTypeName="executor://xunit/VsTestRunner2/netcoreapp" className="Backend.Tests.Controllers.HomeControllerTests" name="Index_ReturnsView" />
    </UnitTest>
    <UnitTest name="Backend.Tests.Controllers.ManagerControllerTests.CreateManager_CreatesRoleIfNotExist" storage="/users/kaylytran/desktop/certatheon/backend.tests/bin/debug/net9.0/backend.tests.dll" id="12cf96ab-99a9-ef78-fbb5-dbbd08338699">
      <Execution id="dcb37242-4f44-4ec3-8af2-991a81225f70" />
      <TestMethod codeBase="/Users/kaylytran/Desktop/CertAtheon/Backend.Tests/bin/Debug/net9.0/Backend.Tests.dll" adapterTypeName="executor://xunit/VsTestRunner2/netcoreapp" className="Backend.Tests.Controllers.ManagerControllerTests" name="CreateManager_CreatesRoleIfNotExist" />
    </UnitTest>
    <UnitTest name="Backend.Tests.Controllers.CertificateCatalogControllerTests.UpdateCatalogItem_UpdatesCertificate_WhenIdMatches" storage="/users/kaylytran/desktop/certatheon/backend.tests/bin/debug/net9.0/backend.tests.dll" id="db711422-a6b5-f318-5140-dd1fd187e7b0">
      <Execution id="509e11d6-735f-4928-bbca-c67811413a3d" />
      <TestMethod codeBase="/Users/kaylytran/Desktop/CertAtheon/Backend.Tests/bin/Debug/net9.0/Backend.Tests.dll" adapterTypeName="executor://xunit/VsTestRunner2/netcoreapp" className="Backend.Tests.Controllers.CertificateCatalogControllerTests" name="UpdateCatalogItem_UpdatesCertificate_WhenIdMatches" />
    </UnitTest>
    <UnitTest name="Backend.Tests.Controllers.ManagerControllerTests.CreateManager_ReturnsBadRequest_WhenRequestIsInvalid" storage="/users/kaylytran/desktop/certatheon/backend.tests/bin/debug/net9.0/backend.tests.dll" id="a8dfa9a7-853b-b11b-ce37-88262534717d">
      <Execution id="147b7ca4-dbe2-45fe-add6-06a84b71a2d6" />
      <TestMethod codeBase="/Users/kaylytran/Desktop/CertAtheon/Backend.Tests/bin/Debug/net9.0/Backend.Tests.dll" adapterTypeName="executor://xunit/VsTestRunner2/netcoreapp" className="Backend.Tests.Controllers.ManagerControllerTests" name="CreateManager_ReturnsBadRequest_WhenRequestIsInvalid" />
    </UnitTest>
    <UnitTest name="Backend.Tests.Data.ApplicationDbContextTests.Can_Add_And_Retrieve_Certificate" storage="/users/kaylytran/desktop/certatheon/backend.tests/bin/debug/net9.0/backend.tests.dll" id="05b4d5f8-d5a5-2659-d62d-3ff1ffcfc7a5">
      <Execution id="6abd55fe-db6c-4679-a5a3-7e0104f8f9bd" />
      <TestMethod codeBase="/Users/kaylytran/Desktop/CertAtheon/Backend.Tests/bin/Debug/net9.0/Backend.Tests.dll" adapterTypeName="executor://xunit/VsTestRunner2/netcoreapp" className="Backend.Tests.Data.ApplicationDbContextTests" name="Can_Add_And_Retrieve_Certificate" />
    </UnitTest>
    <UnitTest name="Backend.Tests.Controllers.CertificateCatalogControllerTests.SearchCertificateCatalog_ReturnsMatchingItems" storage="/users/kaylytran/desktop/certatheon/backend.tests/bin/debug/net9.0/backend.tests.dll" id="31393c42-73b3-dad2-90f8-f3ab452f1012">
      <Execution id="c4f724f1-d352-4860-8340-04376a59cab8" />
      <TestMethod codeBase="/Users/kaylytran/Desktop/CertAtheon/Backend.Tests/bin/Debug/net9.0/Backend.Tests.dll" adapterTypeName="executor://xunit/VsTestRunner2/netcoreapp" className="Backend.Tests.Controllers.CertificateCatalogControllerTests" name="SearchCertificateCatalog_ReturnsMatchingItems" />
    </UnitTest>
    <UnitTest name="Backend.Tests.Controllers.CertificateCatalogControllerTests.UpdateCatalogItem_ReturnsBadRequest_WhenIdMismatch" storage="/users/kaylytran/desktop/certatheon/backend.tests/bin/debug/net9.0/backend.tests.dll" id="40660c63-914c-df1f-046e-db7698addd94">
      <Execution id="548ecdda-48b1-4705-8828-8fe127e00973" />
      <TestMethod codeBase="/Users/kaylytran/Desktop/CertAtheon/Backend.Tests/bin/Debug/net9.0/Backend.Tests.dll" adapterTypeName="executor://xunit/VsTestRunner2/netcoreapp" className="Backend.Tests.Controllers.CertificateCatalogControllerTests" name="UpdateCatalogItem_ReturnsBadRequest_WhenIdMismatch" />
    </UnitTest>
    <UnitTest name="Backend.Tests.Controllers.ManagerControllerTests.CreateManager_ReturnsOk_WhenEverythingSucceeds" storage="/users/kaylytran/desktop/certatheon/backend.tests/bin/debug/net9.0/backend.tests.dll" id="6d14a83b-b467-c129-3fdf-b7c876f6a16b">
      <Execution id="f8183adc-ad51-458b-9c97-75c36743226e" />
      <TestMethod codeBase="/Users/kaylytran/Desktop/CertAtheon/Backend.Tests/bin/Debug/net9.0/Backend.Tests.dll" adapterTypeName="executor://xunit/VsTestRunner2/netcoreapp" className="Backend.Tests.Controllers.ManagerControllerTests" name="CreateManager_ReturnsOk_WhenEverythingSucceeds" />
    </UnitTest>
    <UnitTest name="Backend.Tests.Models.CertificateTests.Certificate_NavigationProperty_Can_Be_Assigned" storage="/users/kaylytran/desktop/certatheon/backend.tests/bin/debug/net9.0/backend.tests.dll" id="e7bb42d4-8c14-e115-26ea-b87310f8f5ec">
      <Execution id="bd61cd17-8e76-4d50-8dfb-9913ca48e20f" />
      <TestMethod codeBase="/Users/kaylytran/Desktop/CertAtheon/Backend.Tests/bin/Debug/net9.0/Backend.Tests.dll" adapterTypeName="executor://xunit/VsTestRunner2/netcoreapp" className="Backend.Tests.Models.CertificateTests" name="Certificate_NavigationProperty_Can_Be_Assigned" />
    </UnitTest>
    <UnitTest name="Backend.Tests.Controllers.ProfileControllerTests.UploadProfilePicture_ReturnsOk_WhenSuccessful" storage="/users/kaylytran/desktop/certatheon/backend.tests/bin/debug/net9.0/backend.tests.dll" id="667b0527-a89f-5c90-e7ce-c5e0e455de1b">
      <Execution id="530832ee-bb58-4e71-bb2f-8187196b6a1b" />
      <TestMethod codeBase="/Users/kaylytran/Desktop/CertAtheon/Backend.Tests/bin/Debug/net9.0/Backend.Tests.dll" adapterTypeName="executor://xunit/VsTestRunner2/netcoreapp" className="Backend.Tests.Controllers.ProfileControllerTests" name="UploadProfilePicture_ReturnsOk_WhenSuccessful" />
    </UnitTest>
    <UnitTest name="Backend.Tests.Controllers.ProfileControllerTests.GetProfile_ReturnsOk_WhenUserExists" storage="/users/kaylytran/desktop/certatheon/backend.tests/bin/debug/net9.0/backend.tests.dll" id="c0cb55ec-356e-a90e-fd7a-b2784382e186">
      <Execution id="5138315e-dccb-47a0-bd8c-451dbb46207b" />
      <TestMethod codeBase="/Users/kaylytran/Desktop/CertAtheon/Backend.Tests/bin/Debug/net9.0/Backend.Tests.dll" adapterTypeName="executor://xunit/VsTestRunner2/netcoreapp" className="Backend.Tests.Controllers.ProfileControllerTests" name="GetProfile_ReturnsOk_WhenUserExists" />
    </UnitTest>
    <UnitTest name="Backend.Tests.Controllers.AuthControllerTests.ChangePassword_ReturnsUnauthorized_WhenUserNotLoggedIn" storage="/users/kaylytran/desktop/certatheon/backend.tests/bin/debug/net9.0/backend.tests.dll" id="166734a8-86de-cc1f-6324-12fd6e2092c3">
      <Execution id="be0ff143-5329-4f87-b2e4-f3a13aa8b3f2" />
      <TestMethod codeBase="/Users/kaylytran/Desktop/CertAtheon/Backend.Tests/bin/Debug/net9.0/Backend.Tests.dll" adapterTypeName="executor://xunit/VsTestRunner2/netcoreapp" className="Backend.Tests.Controllers.AuthControllerTests" name="ChangePassword_ReturnsUnauthorized_WhenUserNotLoggedIn" />
    </UnitTest>
    <UnitTest name="Backend.Tests.Controllers.CertificateCatalogControllerTests.DeleteCatalogItem_DeletesCertificate_WhenFound" storage="/users/kaylytran/desktop/certatheon/backend.tests/bin/debug/net9.0/backend.tests.dll" id="d9b47f94-75a2-f840-ee82-f51c369ff31c">
      <Execution id="2cca3955-196e-4960-b288-082de5c428c8" />
      <TestMethod codeBase="/Users/kaylytran/Desktop/CertAtheon/Backend.Tests/bin/Debug/net9.0/Backend.Tests.dll" adapterTypeName="executor://xunit/VsTestRunner2/netcoreapp" className="Backend.Tests.Controllers.CertificateCatalogControllerTests" name="DeleteCatalogItem_DeletesCertificate_WhenFound" />
    </UnitTest>
    <UnitTest name="Backend.Tests.Models.CertificateCatalogTests.Can_Create_CertificateCatalog_With_AllProperties" storage="/users/kaylytran/desktop/certatheon/backend.tests/bin/debug/net9.0/backend.tests.dll" id="47b12b00-fa39-53ff-311f-defafc124142">
      <Execution id="b75a169a-ffee-4a0b-88f7-db0422e2d20d" />
      <TestMethod codeBase="/Users/kaylytran/Desktop/CertAtheon/Backend.Tests/bin/Debug/net9.0/Backend.Tests.dll" adapterTypeName="executor://xunit/VsTestRunner2/netcoreapp" className="Backend.Tests.Models.CertificateCatalogTests" name="Can_Create_CertificateCatalog_With_AllProperties" />
    </UnitTest>
    <UnitTest name="Backend.Tests.Controllers.ProfileControllerTests.GetProfile_ReturnsNotFound_WhenUserDoesNotExist" storage="/users/kaylytran/desktop/certatheon/backend.tests/bin/debug/net9.0/backend.tests.dll" id="f357b067-0421-af3a-1d77-eb572a57afcd">
      <Execution id="94690dc0-8864-41b2-9322-a2b4a8b0fd9f" />
      <TestMethod codeBase="/Users/kaylytran/Desktop/CertAtheon/Backend.Tests/bin/Debug/net9.0/Backend.Tests.dll" adapterTypeName="executor://xunit/VsTestRunner2/netcoreapp" className="Backend.Tests.Controllers.ProfileControllerTests" name="GetProfile_ReturnsNotFound_WhenUserDoesNotExist" />
    </UnitTest>
    <UnitTest name="Backend.Tests.Controllers.DashboardControllerTests.UploadEmployeeFeed_ReturnsOk_WhenUploadSucceeds" storage="/users/kaylytran/desktop/certatheon/backend.tests/bin/debug/net9.0/backend.tests.dll" id="4474ccf1-18f9-e1e9-8d5f-c545010f575b">
      <Execution id="e631bc29-3535-417a-a189-8ad32102014f" />
      <TestMethod codeBase="/Users/kaylytran/Desktop/CertAtheon/Backend.Tests/bin/Debug/net9.0/Backend.Tests.dll" adapterTypeName="executor://xunit/VsTestRunner2/netcoreapp" className="Backend.Tests.Controllers.DashboardControllerTests" name="UploadEmployeeFeed_ReturnsOk_WhenUploadSucceeds" />
    </UnitTest>
    <UnitTest name="Backend.Tests.Controllers.DashboardControllerTests.GetDashboard_ReturnsDashboardData" storage="/users/kaylytran/desktop/certatheon/backend.tests/bin/debug/net9.0/backend.tests.dll" id="23784245-7e38-db3a-77d7-b630237a5104">
      <Execution id="b8f6a604-7583-46a1-8e5e-c1e9a50042b3" />
      <TestMethod codeBase="/Users/kaylytran/Desktop/CertAtheon/Backend.Tests/bin/Debug/net9.0/Backend.Tests.dll" adapterTypeName="executor://xunit/VsTestRunner2/netcoreapp" className="Backend.Tests.Controllers.DashboardControllerTests" name="GetDashboard_ReturnsDashboardData" />
    </UnitTest>
    <UnitTest name="Backend.Tests.Models.ApplicationManagerTests.Can_Create_ApplicationManager_With_InheritedProperties" storage="/users/kaylytran/desktop/certatheon/backend.tests/bin/debug/net9.0/backend.tests.dll" id="dab86dfe-ed46-a53e-8919-6bf3689c7588">
      <Execution id="649140d8-c4cd-409d-a791-bb061bfb07d6" />
      <TestMethod codeBase="/Users/kaylytran/Desktop/CertAtheon/Backend.Tests/bin/Debug/net9.0/Backend.Tests.dll" adapterTypeName="executor://xunit/VsTestRunner2/netcoreapp" className="Backend.Tests.Models.ApplicationManagerTests" name="Can_Create_ApplicationManager_With_InheritedProperties" />
    </UnitTest>
    <UnitTest name="Backend.Tests.Data.ApplicationDbContextTests.Can_Add_And_Retrieve_CertificateCatalog" storage="/users/kaylytran/desktop/certatheon/backend.tests/bin/debug/net9.0/backend.tests.dll" id="b53c4b4c-1c16-3951-8a8f-2450ea31aa12">
      <Execution id="67070edf-4ed5-4331-a20e-6d27df7346e3" />
      <TestMethod codeBase="/Users/kaylytran/Desktop/CertAtheon/Backend.Tests/bin/Debug/net9.0/Backend.Tests.dll" adapterTypeName="executor://xunit/VsTestRunner2/netcoreapp" className="Backend.Tests.Data.ApplicationDbContextTests" name="Can_Add_And_Retrieve_CertificateCatalog" />
    </UnitTest>
    <UnitTest name="Backend.Tests.Models.ApplicationUserTests.Can_Create_ApplicationUser_With_AllProperties" storage="/users/kaylytran/desktop/certatheon/backend.tests/bin/debug/net9.0/backend.tests.dll" id="0e37df37-7435-aa32-0fa1-9fbe01e0d896">
      <Execution id="607c67c0-f929-46cc-928e-825f698aef22" />
      <TestMethod codeBase="/Users/kaylytran/Desktop/CertAtheon/Backend.Tests/bin/Debug/net9.0/Backend.Tests.dll" adapterTypeName="executor://xunit/VsTestRunner2/netcoreapp" className="Backend.Tests.Models.ApplicationUserTests" name="Can_Create_ApplicationUser_With_AllProperties" />
    </UnitTest>
  </TestDefinitions>
  <TestEntries>
    <TestEntry testId="a44df285-3b3f-3778-6d16-350dfba9bcdb" executionId="f13c34c7-46ba-4afb-9b98-29b15c8b535d" testListId="8c84fa94-04c1-424b-9868-57a2d4851a1d" />
    <TestEntry testId="0d509c02-99b3-9fab-ca53-14fd954f0a73" executionId="59c68cbe-ceac-4c0e-8055-a00bc9ef2ef1" testListId="8c84fa94-04c1-424b-9868-57a2d4851a1d" />
    <TestEntry testId="667b0527-a89f-5c90-e7ce-c5e0e455de1b" executionId="530832ee-bb58-4e71-bb2f-8187196b6a1b" testListId="8c84fa94-04c1-424b-9868-57a2d4851a1d" />
    <TestEntry testId="4eb92268-2288-a2f3-467b-894a1915700b" executionId="2689b99d-afb1-415d-a195-be9e829f1432" testListId="8c84fa94-04c1-424b-9868-57a2d4851a1d" />
    <TestEntry testId="ac1f2245-7ae2-79e6-f43b-b3fbe802505f" executionId="42adc151-4c0e-41dd-9311-6155ec2de3ad" testListId="8c84fa94-04c1-424b-9868-57a2d4851a1d" />
    <TestEntry testId="dab86dfe-ed46-a53e-8919-6bf3689c7588" executionId="649140d8-c4cd-409d-a791-bb061bfb07d6" testListId="8c84fa94-04c1-424b-9868-57a2d4851a1d" />
    <TestEntry testId="6818bbbf-d262-2874-8409-fca448f65542" executionId="5238bb23-1024-4164-b993-97a5bc27a6c2" testListId="8c84fa94-04c1-424b-9868-57a2d4851a1d" />
    <TestEntry testId="12cf96ab-99a9-ef78-fbb5-dbbd08338699" executionId="dcb37242-4f44-4ec3-8af2-991a81225f70" testListId="8c84fa94-04c1-424b-9868-57a2d4851a1d" />
    <TestEntry testId="d209c85c-51b7-a4bd-6b1e-1f4de0222067" executionId="2ef58947-9125-475b-a7d5-02d4e3019aab" testListId="8c84fa94-04c1-424b-9868-57a2d4851a1d" />
    <TestEntry testId="d3684feb-1560-2060-a5b3-ff19aa2a6cee" executionId="aa0ccf97-f436-40eb-960e-7e30456c1d0f" testListId="8c84fa94-04c1-424b-9868-57a2d4851a1d" />
    <TestEntry testId="8502e2d7-f46b-76f0-9c9d-ec2a75f8aaa3" executionId="e91df079-fdfe-473b-9825-e4d35edd255a" testListId="8c84fa94-04c1-424b-9868-57a2d4851a1d" />
    <TestEntry testId="7137330f-e485-73a2-da55-a95980838fa2" executionId="8af9ed0d-42a3-4198-b626-148f7b343c4c" testListId="8c84fa94-04c1-424b-9868-57a2d4851a1d" />
    <TestEntry testId="d2912f97-2357-be31-8a09-9038e3537f51" executionId="898e31a3-4b1c-4d72-8d19-fc7676eb6d68" testListId="8c84fa94-04c1-424b-9868-57a2d4851a1d" />
    <TestEntry testId="33ab8599-a79f-23be-cf92-2443914bf588" executionId="7ff80b9d-347e-4d30-8d43-3fa41554e764" testListId="8c84fa94-04c1-424b-9868-57a2d4851a1d" />
    <TestEntry testId="b867a8d0-1cdd-e982-083e-19f5dabd5d2b" executionId="15d17bd2-ed40-4dee-9803-8b53e1643b18" testListId="8c84fa94-04c1-424b-9868-57a2d4851a1d" />
    <TestEntry testId="b16acc2a-521c-d7f1-970b-584f90927e09" executionId="071f6a5a-5c15-441d-a39c-e0838c8838bd" testListId="8c84fa94-04c1-424b-9868-57a2d4851a1d" />
    <TestEntry testId="ffa277df-cd57-c20d-f9ae-630f5d51a4fc" executionId="52611caa-b6e9-47f0-bff8-c3ff5d1c6951" testListId="8c84fa94-04c1-424b-9868-57a2d4851a1d" />
    <TestEntry testId="629c4633-fb44-af37-d45d-397cadba9be8" executionId="219e91c2-1dd5-45e7-a749-756549a4822a" testListId="8c84fa94-04c1-424b-9868-57a2d4851a1d" />
    <TestEntry testId="687cf130-b71d-c68a-ac72-c1b7c971a57c" executionId="22b2c8fc-18d1-4fd2-8b53-b7f9b311f1ca" testListId="8c84fa94-04c1-424b-9868-57a2d4851a1d" />
    <TestEntry testId="6fe8975c-bee1-5a9e-7ab1-bff04ab154bb" executionId="618239aa-ec1f-42d6-92b6-26b7eea8df2f" testListId="8c84fa94-04c1-424b-9868-57a2d4851a1d" />
    <TestEntry testId="196f7cb4-f2e8-71c3-0f17-0cc2a830232d" executionId="c5164dbd-09ad-44ca-b576-581a8ad173e4" testListId="8c84fa94-04c1-424b-9868-57a2d4851a1d" />
    <TestEntry testId="2e483694-e4f8-c789-c984-50bee090aba2" executionId="829c85b5-4aa9-4ae6-b89b-fe5409906247" testListId="8c84fa94-04c1-424b-9868-57a2d4851a1d" />
    <TestEntry testId="1711a68c-62ea-123c-4537-67ea4c98707b" executionId="0156d8cb-a083-4578-aa82-a388658d0040" testListId="8c84fa94-04c1-424b-9868-57a2d4851a1d" />
    <TestEntry testId="e7bb42d4-8c14-e115-26ea-b87310f8f5ec" executionId="bd61cd17-8e76-4d50-8dfb-9913ca48e20f" testListId="8c84fa94-04c1-424b-9868-57a2d4851a1d" />
    <TestEntry testId="23f934c3-ad66-47c7-1269-cbdc2715ce34" executionId="78147195-d6b2-4b27-9b37-28aed5afb328" testListId="8c84fa94-04c1-424b-9868-57a2d4851a1d" />
    <TestEntry testId="81e3fe50-3868-18a1-758e-3cf12ac5f88d" executionId="f82e727c-b57e-4b29-ab26-6ab191837592" testListId="8c84fa94-04c1-424b-9868-57a2d4851a1d" />
    <TestEntry testId="5a5dbbb9-eb6e-e7f0-c8db-a5751973dbd4" executionId="88cbea82-f465-4d7c-8339-c7ec9018d588" testListId="8c84fa94-04c1-424b-9868-57a2d4851a1d" />
    <TestEntry testId="4474ccf1-18f9-e1e9-8d5f-c545010f575b" executionId="e631bc29-3535-417a-a189-8ad32102014f" testListId="8c84fa94-04c1-424b-9868-57a2d4851a1d" />
    <TestEntry testId="982d9395-338d-5e8b-789e-92811dca4c2d" executionId="4ab9dfb3-1919-4df9-a988-cc6a555fe5f6" testListId="8c84fa94-04c1-424b-9868-57a2d4851a1d" />
    <TestEntry testId="40660c63-914c-df1f-046e-db7698addd94" executionId="548ecdda-48b1-4705-8828-8fe127e00973" testListId="8c84fa94-04c1-424b-9868-57a2d4851a1d" />
    <TestEntry testId="f357b067-0421-af3a-1d77-eb572a57afcd" executionId="94690dc0-8864-41b2-9322-a2b4a8b0fd9f" testListId="8c84fa94-04c1-424b-9868-57a2d4851a1d" />
    <TestEntry testId="6d14a83b-b467-c129-3fdf-b7c876f6a16b" executionId="f8183adc-ad51-458b-9c97-75c36743226e" testListId="8c84fa94-04c1-424b-9868-57a2d4851a1d" />
    <TestEntry testId="23784245-7e38-db3a-77d7-b630237a5104" executionId="b8f6a604-7583-46a1-8e5e-c1e9a50042b3" testListId="8c84fa94-04c1-424b-9868-57a2d4851a1d" />
    <TestEntry testId="31bc990f-6461-80ff-83fc-08d3d3c47eea" executionId="8fbebacb-231d-4c65-a4a6-f87e3593d07c" testListId="8c84fa94-04c1-424b-9868-57a2d4851a1d" />
    <TestEntry testId="db711422-a6b5-f318-5140-dd1fd187e7b0" executionId="509e11d6-735f-4928-bbca-c67811413a3d" testListId="8c84fa94-04c1-424b-9868-57a2d4851a1d" />
    <TestEntry testId="df44083d-969d-74eb-4e95-59cc3263198f" executionId="74ea3034-670f-4a86-a18c-163813f0db15" testListId="8c84fa94-04c1-424b-9868-57a2d4851a1d" />
    <TestEntry testId="d9b47f94-75a2-f840-ee82-f51c369ff31c" executionId="2cca3955-196e-4960-b288-082de5c428c8" testListId="8c84fa94-04c1-424b-9868-57a2d4851a1d" />
    <TestEntry testId="47b12b00-fa39-53ff-311f-defafc124142" executionId="b75a169a-ffee-4a0b-88f7-db0422e2d20d" testListId="8c84fa94-04c1-424b-9868-57a2d4851a1d" />
    <TestEntry testId="c0cb55ec-356e-a90e-fd7a-b2784382e186" executionId="5138315e-dccb-47a0-bd8c-451dbb46207b" testListId="8c84fa94-04c1-424b-9868-57a2d4851a1d" />
    <TestEntry testId="bc8766bc-6f70-abd8-26e6-6174177a52a6" executionId="72feeb99-0d51-45f7-b761-29d931adebeb" testListId="8c84fa94-04c1-424b-9868-57a2d4851a1d" />
    <TestEntry testId="05b4d5f8-d5a5-2659-d62d-3ff1ffcfc7a5" executionId="6abd55fe-db6c-4679-a5a3-7e0104f8f9bd" testListId="8c84fa94-04c1-424b-9868-57a2d4851a1d" />
    <TestEntry testId="b53c4b4c-1c16-3951-8a8f-2450ea31aa12" executionId="67070edf-4ed5-4331-a20e-6d27df7346e3" testListId="8c84fa94-04c1-424b-9868-57a2d4851a1d" />
    <TestEntry testId="c6261818-f573-19a0-bd3d-e359b184adcc" executionId="e4c5e4f3-4d95-4777-a08c-9f6696ae6307" testListId="8c84fa94-04c1-424b-9868-57a2d4851a1d" />
    <TestEntry testId="eea69781-749a-0ceb-e01e-3584204df68d" executionId="a4bb1631-14bd-4eb1-ad6b-e8472199bc1f" testListId="8c84fa94-04c1-424b-9868-57a2d4851a1d" />
    <TestEntry testId="db6bd69f-cc20-cd97-ea4d-0ecd8029be1a" executionId="910d9cc0-fa43-4d63-923f-617278a7dac6" testListId="8c84fa94-04c1-424b-9868-57a2d4851a1d" />
    <TestEntry testId="166734a8-86de-cc1f-6324-12fd6e2092c3" executionId="be0ff143-5329-4f87-b2e4-f3a13aa8b3f2" testListId="8c84fa94-04c1-424b-9868-57a2d4851a1d" />
    <TestEntry testId="0e37df37-7435-aa32-0fa1-9fbe01e0d896" executionId="607c67c0-f929-46cc-928e-825f698aef22" testListId="8c84fa94-04c1-424b-9868-57a2d4851a1d" />
    <TestEntry testId="d61479fe-f049-8b48-8e32-c8d9a89aef04" executionId="98f0446c-0fd2-49e3-88ce-de6ebda6781d" testListId="8c84fa94-04c1-424b-9868-57a2d4851a1d" />
    <TestEntry testId="06ed93e2-ca9e-54d0-4e9f-b2c64edf14bb" executionId="43263cdd-95ec-4d55-aafe-7ade8041bca4" testListId="8c84fa94-04c1-424b-9868-57a2d4851a1d" />
    <TestEntry testId="bdb603a8-7a21-7357-8f52-fea9daf0ad41" executionId="2a775677-64dc-49b6-a32a-4301e1cfa6c9" testListId="8c84fa94-04c1-424b-9868-57a2d4851a1d" />
    <TestEntry testId="efc3d3c7-fb24-e342-5a38-d22d15546c37" executionId="2d83dbb9-3c25-4c55-9894-b539e143eabc" testListId="8c84fa94-04c1-424b-9868-57a2d4851a1d" />
    <TestEntry testId="31393c42-73b3-dad2-90f8-f3ab452f1012" executionId="c4f724f1-d352-4860-8340-04376a59cab8" testListId="8c84fa94-04c1-424b-9868-57a2d4851a1d" />
    <TestEntry testId="db141fd6-6842-f0c4-fc71-6982d3ea20b9" executionId="8b98d5e6-d4fb-47dc-bcb1-56dc7a977c0d" testListId="8c84fa94-04c1-424b-9868-57a2d4851a1d" />
    <TestEntry testId="a8dfa9a7-853b-b11b-ce37-88262534717d" executionId="147b7ca4-dbe2-45fe-add6-06a84b71a2d6" testListId="8c84fa94-04c1-424b-9868-57a2d4851a1d" />
  </TestEntries>
  <TestLists>
    <TestList name="Results Not in a List" id="8c84fa94-04c1-424b-9868-57a2d4851a1d" />
    <TestList name="All Loaded Results" id="19431567-8539-422a-85d7-44ee4e166bda" />
  </TestLists>
  <ResultSummary outcome="Completed">
    <Counters total="54" executed="54" passed="54" failed="0" error="0" timeout="0" aborted="0" inconclusive="0" passedButRunAborted="0" notRunnable="0" notExecuted="0" disconnected="0" warning="0" completed="0" inProgress="0" pending="0" />
    <Output>
      <StdOut>[xUnit.net 00:00:00.00] xUnit.net VSTest Adapter v2.8.2+699d445a1a (64-bit .NET 9.0.2)
[xUnit.net 00:00:00.10]   Discovering: Backend.Tests
[xUnit.net 00:00:00.15]   Discovered:  Backend.Tests
[xUnit.net 00:00:00.15]   Starting:    Backend.Tests
[xUnit.net 00:00:01.42]   Finished:    Backend.Tests
</StdOut>
    </Output>
  </ResultSummary>
</TestRun>